// Vitest Snapshot v1, https://vitest.dev/guide/snapshot.html

exports[`PlayGround > Mounts and renders 1`] = `
<div class="playground-container">
  <form class="playground-form">
    <label
      class="playground-label"
      for="input"
    >
      Input
    </label>
    <div class="playground-input-container">
      <textarea
        class="playground-input"
        id="input"
        value="'a {\\n  color: rebeccapurple;\\n}\\n'"
      ></textarea>
    </div>
  </form>
  <table class="playground-table">
    <thead>
      <tr>
        <th>
          Minifier
        </th>
        <th>
          Version
        </th>
        <th>
          Output
        </th>
      </tr>
    </thead>
    <tbody>
      <tr>
        <td>
          <a href="https://clean-css.github.io"><svg></svg></a>
        </td>
        <td>
          v5.3.3
        </td>
        <td>
          <pre><code>a{color:#663399}</code></pre>
        </td>
      </tr>
      <tr>
        <td>
          <a
            class="min-csskit-link"
            href="https://csskit.rs/playground"
            title="csskit"
          ><svg></svg></a>
        </td>
        <td title="v0.0.28-canary.eddaa0a071">
          v0.0.28
        </td>
        <td>
          <pre><code>a{color:#639}</code></pre>
        </td>
      </tr>
      <tr>
        <td>
          <a
            href="https://TheJaredWilcurt.com/csslop"
            title="CSSLOP"
          ><img
            alt="CSSLOP logo"
            class="min-csslop-logo"
          /></a>
        </td>
        <td>
          v0.0.16
        </td>
        <td>
          <pre><code>a{color:#639}</code></pre>
        </td>
      </tr>
      <tr>
        <td>
          <a
            class="min-csso-logo"
            href="https://css.github.io/csso/csso.html"
            title="CSS Optimizer"
          ><span>CSSO</span></a>
        </td>
        <td>
          v5.0.5
        </td>
        <td>
          <pre><code>a{color:#639}</code></pre>
        </td>
      </tr>
    </tbody>
  </table>
</div>
`;
