// Vitest Snapshot v1, https://vitest.dev/guide/snapshot.html

exports[`App > Renders correctly 1`] = `
<header>
  <div class="toolbar-logo-title">
    <img
      alt="CSS logo"
      class="toolbar-logo"
    />
    <h1 class="toolbar-title">
      CSS Minifier Playground
    </h1>
  </div>
  <button class="theme-toggle-button">
    Light
  </button>
</header>
<main>
  <div class="playground-container">
    <form class="playground-form">
      <label
        class="playground-label"
        for="input"
      >
        Input
      </label>
      <div class="playground-input-container">
        <textarea
          class="playground-input"
          id="input"
          value="'a {\\n  color: rebeccapurple;\\n}\\n'"
        ></textarea>
      </div>
    </form>
    <table class="playground-table">
      <thead>
        <tr>
          <th>
            Minifier
          </th>
          <th>
            Version
          </th>
          <th>
            Output
          </th>
        </tr>
      </thead>
      <tbody>
        <tr>
          <td>
            <a href="https://clean-css.github.io"><svg
              viewBox="0 0 204 29"
              xml:space="preserve"
              xmlns="http://www.w3.org/2000/svg"
            >
                <path fill="#27AAE1" />
                <title>clean-css</title>
              </svg></a>
          </td>
          <td>
            v5.3.3
          </td>
          <td>
            <pre><code>a{color:#663399}</code></pre>
          </td>
        </tr>
        <tr>
          <td>
            <a
              class="min-csskit-link"
              href="https://csskit.rs/playground"
              title="csskit"
            ><svg
              class="min-csskit-logo"
              viewBox="0 0 588 306"
              xml:space="preserve"
              xmlns="http://www.w3.org/2000/svg"
            >
                <path fill="#639" />
                <path fill="#fff" />
                <path fill="#8B51C5" />
                <path fill="#639" />
                <path fill="#7339AD" />
                <path fill="#8B51C5" />
                <title>csskit logo</title>
              </svg></a>
          </td>
          <td title="v0.0.28-canary.eddaa0a071">
            v0.0.28
          </td>
          <td>
            <pre><code>a{color:#639}</code></pre>
          </td>
        </tr>
        <tr>
          <td>
            <a
              href="https://TheJaredWilcurt.com/csslop"
              title="CSSLOP"
            ><img
              alt="CSSLOP logo"
              class="min-csslop-logo"
            /></a>
          </td>
          <td>
            v0.0.16
          </td>
          <td>
            <pre><code>a{color:#639}</code></pre>
          </td>
        </tr>
        <tr>
          <td>
            <a
              class="min-csso-logo"
              href="https://css.github.io/csso/csso.html"
              title="CSS Optimizer"
            ><span>CSSO</span></a>
          </td>
          <td>
            v5.0.5
          </td>
          <td>
            <pre><code>a{color:#639}</code></pre>
          </td>
        </tr>
      </tbody>
    </table>
  </div>
</main>
`;
