// Vitest Snapshot v1, https://vitest.dev/guide/snapshot.html

exports[`ToolBar > Template > Renders correctly 1`] = `
<header>
  <div class="toolbar-logo-title">
    <img
      alt="CSS logo"
      class="toolbar-logo"
    />
    <h1 class="toolbar-title">
      CSS Minifier Playground
    </h1>
  </div>
  <button class="theme-toggle-button">
    Light
  </button>
</header>
`;
